E:\myGitHub2\myNXPs16_Prj\CMSIS/core_cm33.h:2378:22:__NVIC_EnableIRQ	16	static
E:\myGitHub2\myNXPs16_Prj\CMSIS/core_cm33.h:2575:22:__NVIC_SetPriority	16	static
E:\myGitHub2\myNXPs16_Prj\drivers/fsl_common_arm.h:499:24:EnableIRQ	24	static
E:\myGitHub2\myNXPs16_Prj\drivers/fsl_dma.h:405:20:DMA_EnableChannel	16	static
E:\myGitHub2\myNXPs16_Prj\drivers/fsl_ctimer.h:379:20:CTIMER_EnableInterrupts	16	static
E:\myGitHub2\myNXPs16_Prj\drivers/fsl_ctimer.h:497:20:CTIMER_StartTimer	16	static
E:\myGitHub2\myNXPs16_Prj\drivers/fsl_lpadc.h:698:20:LPADC_EnableInterrupts	16	static
E:\myGitHub2\myNXPs16_Prj\drivers/fsl_power.h:385:20:POWER_DisablePD	16	static
../board/peripherals.c:219:13:OUT4_CTIMER2_init	8	static
../board/peripherals.c:276:13:OUT1_CTIMER0_init	8	static
../board/peripherals.c:333:13:OUT2_CTIMER1_init	8	static
../board/peripherals.c:390:13:OUT3_CTIMER3_init	8	static
../board/peripherals.c:482:13:UART0_FC0_init	16	static
../board/peripherals.c:574:13:UART1_FC1_init	16	static
../board/peripherals.c:661:13:ADC_FC3_init	8	static
../board/peripherals.c:740:13:DIPSW_SPI_init	8	static
../board/peripherals.c:948:13:CJC_ADC0_init	8	static
../board/peripherals.c:1050:13:DAC_FC5_init	8	static
../board/peripherals.c:1129:13:MEM_FC7_init	8	static
../board/peripherals.c:1192:13:COMM_CTIMER4_init	8	static
../board/peripherals.c:1235:13:CRC_ENGINE_init	8	static
../board/peripherals.c:1268:13:PINT_init	8	static
../board/peripherals.c:1308:13:PINT_CLK_init	8	static
../board/peripherals.c:1354:13:MRT0_init	8	static
../board/peripherals.c:1362:13:BOARD_InitPeripherals_CommonPostInit	8	static
../board/peripherals.c:1374:6:BOARD_InitPeripherals	8	static
../board/peripherals.c:1404:6:BOARD_InitBootPeripherals	8	static
