E:\myGitHub2\myNXPs16_Prj\drivers/fsl_clock.h:987:20:CLOCK_EnableClock	24	static
E:\myGitHub2\myNXPs16_Prj\drivers/fsl_iocon.h:182:22:IOCON_PinMuxSet	24	static
../board/pin_mux.c:91:6:BOARD_InitBootPins	8	static
../board/pin_mux.c:131:6:BOARD_InitDEBUG_UARTPins	24	static
../board/pin_mux.c:211:6:BOARD_InitUART2Pins	16	static
../board/pin_mux.c:288:6:BOARD_InitSWD_DEBUGPins	16	static
../board/pin_mux.c:360:6:BOARD_InitCANPins	8	static
../board/pin_mux.c:423:6:BOARD_InitExtADCPins	24	static
../board/pin_mux.c:627:6:BOARD_InitPULSEPins	8	static
../board/pin_mux.c:708:6:BOARD_InitExtDACPins	24	static
../board/pin_mux.c:833:6:BOARD_InitDIOPins	40	static
../board/pin_mux.c:1024:6:BOARD_InitCJCPins	16	static
../board/pin_mux.c:1114:6:BOARD_InitExtMEMPins	8	static
../board/pin_mux.c:1192:6:BOARD_InitUSBPins	8	static
../board/pin_mux.c:1231:6:BOARD_InitLEDsPins	24	static
../board/pin_mux.c:1320:6:BOARD_InitDipSWPins	8	static
../board/pin_mux.c:1386:6:BOARD_InitRotarySWPins	24	static
../board/pin_mux.c:1497:6:BOARD_InitLVPins	16	static
../board/pin_mux.c:1554:6:BOARD_InitBUTTONsPins	32	static
../board/pin_mux.c:1663:6:BOARD_InitInterBusPins	32	static
