E:\myGitHub2\myNXPs16_Prj\drivers/fsl_common_arm.h:717:24:DisableGlobalIRQ	16	static
E:\myGitHub2\myNXPs16_Prj\drivers/fsl_common_arm.h:743:20:EnableGlobalIRQ	24	static
../component/serial_manager/fsl_component_serial_port_virtual.c:79:32:Serial_PortVirtualAddItem	24	static
../component/serial_manager/fsl_component_serial_port_virtual.c:110:32:Serial_PortVirtualRemoveItem	32	static
../component/serial_manager/fsl_component_serial_port_virtual.c:142:32:Serial_PortVirtualGetInstance	24	static
../component/serial_manager/fsl_component_serial_port_virtual.c:161:13:Serial_PortVirtualTxCallback	32	static
../component/serial_manager/fsl_component_serial_port_virtual.c:177:13:Serial_PortVirtualRxCallback	32	static
../component/serial_manager/fsl_component_serial_port_virtual.c:194:22:USB_DeviceVcomInit	16	static
../component/serial_manager/fsl_component_serial_port_virtual.c:200:22:USB_DeviceVcomDeinit	16	static
../component/serial_manager/fsl_component_serial_port_virtual.c:206:22:USB_DeviceVcomWrite	40	static
../component/serial_manager/fsl_component_serial_port_virtual.c:226:22:USB_DeviceVcomRead	24	static
../component/serial_manager/fsl_component_serial_port_virtual.c:232:22:USB_DeviceVcomCancelWrite	16	static
../component/serial_manager/fsl_component_serial_port_virtual.c:240:22:USB_DeviceVcomInstallTxCallback	24	static
../component/serial_manager/fsl_component_serial_port_virtual.c:250:22:USB_DeviceVcomInstallRxCallback	24	static
../component/serial_manager/fsl_component_serial_port_virtual.c:258:18:USB_DeviceVcomIsrFunction	16	static
../component/serial_manager/fsl_component_serial_port_virtual.c:262:25:Serial_PortVirtualInit	32	static
../component/serial_manager/fsl_component_serial_port_virtual.c:292:25:Serial_PortVirtualDeinit	24	static
../component/serial_manager/fsl_component_serial_port_virtual.c:307:25:Serial_PortVirtualWrite	32	static
../component/serial_manager/fsl_component_serial_port_virtual.c:323:25:Serial_PortVirtualRead	32	static
../component/serial_manager/fsl_component_serial_port_virtual.c:339:25:Serial_PortVirtualCancelWrite	24	static
../component/serial_manager/fsl_component_serial_port_virtual.c:355:25:Serial_PortVirtualInstallTxCallback	32	static
../component/serial_manager/fsl_component_serial_port_virtual.c:372:25:Serial_PortVirtualInstallRxCallback	32	static
../component/serial_manager/fsl_component_serial_port_virtual.c:389:6:Serial_PortVirtualIsrFunction	24	static
