../drivers/fsl_clock.h:987:20:CLOCK_EnableClock	24	static
../drivers/fsl_clock.h:997:20:CLOCK_DisableClock	24	static
../drivers/fsl_lpadc.h:571:20:LPADC_Enable	16	static
../drivers/fsl_lpadc.h:589:20:LPADC_DoResetFIFO0	16	static
../drivers/fsl_lpadc.h:599:20:LPADC_DoResetFIFO1	16	static
../drivers/fsl_lpadc.h:622:20:LPADC_DoResetConfig	16	static
../drivers/fsl_lpadc.h:789:24:LPADC_GetConvResultCount	16	static
../drivers/fsl_lpadc.h:1020:20:LPADC_EnableOffsetCalibration	16	static
../drivers/fsl_lpadc.c:48:17:LPADC_GetInstance	24	static
../drivers/fsl_lpadc.c:102:6:LPADC_Init	24	static
../drivers/fsl_lpadc.c:211:6:LPADC_GetDefaultConfig	16	static
../drivers/fsl_lpadc.c:249:6:LPADC_Deinit	16	static
../drivers/fsl_lpadc.c:270:6:LPADC_GetConvResult	32	static
../drivers/fsl_lpadc.c:330:6:LPADC_SetConvTriggerConfig	32	static
../drivers/fsl_lpadc.c:369:6:LPADC_GetDefaultConvTriggerConfig	16	static
../drivers/fsl_lpadc.c:393:6:LPADC_SetConvCommandConfig	32	static
../drivers/fsl_lpadc.c:506:6:LPADC_GetDefaultConvCommandConfig	16	static
../drivers/fsl_lpadc.c:634:6:LPADC_DoOffsetCalibration	16	static
../drivers/fsl_lpadc.c:648:6:LPADC_DoAutoCalibration	32	static
