E:\myGitHub2\myNXPs16_Prj\CMSIS/core_cm33.h:2575:22:__NVIC_SetPriority	16	static
E:\myGitHub2\myNXPs16_Prj\drivers/fsl_dma.h:405:20:DMA_EnableChannel	16	static
E:\myGitHub2\myNXPs16_Prj\drivers/fsl_dma.h:514:20:DMA_SetChannelPriority	24	static
../component/audio/fsl_adapter_flexcomm_i2s.c:53:27:HAL_AudioGetStatus	24	static
../component/audio/fsl_adapter_flexcomm_i2s.c:80:13:HAL_AudioCallbackDMA	40	static
../component/audio/fsl_adapter_flexcomm_i2s.c:95:27:HAL_AudioCommonInit	80	static
../component/audio/fsl_adapter_flexcomm_i2s.c:334:27:HAL_AudioCommonDeinit	72	static
../component/audio/fsl_adapter_flexcomm_i2s.c:387:20:HAL_AudioTxInit	16	static
../component/audio/fsl_adapter_flexcomm_i2s.c:392:20:HAL_AudioRxInit	16	static
../component/audio/fsl_adapter_flexcomm_i2s.c:397:20:HAL_AudioTxDeinit	16	static
../component/audio/fsl_adapter_flexcomm_i2s.c:402:20:HAL_AudioRxDeinit	16	static
../component/audio/fsl_adapter_flexcomm_i2s.c:407:20:HAL_AudioTxInstallCallback	32	static
../component/audio/fsl_adapter_flexcomm_i2s.c:423:20:HAL_AudioRxInstallCallback	32	static
../component/audio/fsl_adapter_flexcomm_i2s.c:439:20:HAL_AudioTransferSendNonBlocking	32	static
../component/audio/fsl_adapter_flexcomm_i2s.c:457:20:HAL_AudioTransferReceiveNonBlocking	32	static
../component/audio/fsl_adapter_flexcomm_i2s.c:475:20:HAL_AudioTransferGetSendCount	16	static
../component/audio/fsl_adapter_flexcomm_i2s.c:485:20:HAL_AudioTransferGetReceiveCount	16	static
../component/audio/fsl_adapter_flexcomm_i2s.c:495:20:HAL_AudioTransferAbortSend	24	static
../component/audio/fsl_adapter_flexcomm_i2s.c:510:20:HAL_AudioTransferAbortReceive	24	static
